[scout    OK]   10.3762_bjnano.14.89             is_ald=True drill=15  (calls 1/600)
[figures  OK]   10.3762_bjnano.14.89             vision_calls~11 records=26  (calls 12/600)
[geometry OK]   10.3762_bjnano.14.89             class=planar quantities=0  (calls 13/600)
[pressure OK]   10.3762_bjnano.14.89             observations=0  (calls 14/600)
[card     OK]   10.3762_bjnano.14.89             card_fields=6  (calls 15/600)
[scout    OK]   10.1002_pssa.201532305           is_ald=True drill=15  (calls 16/600)
    [parse retry 1/3] 3: JSONDecodeError Expecting value: line 1 column 1 (char 0)
    [parse retry 2/3] 3: JSONDecodeError Expecting value: line 1 column 1 (char 0)
    [parse retry 3/3] 3: JSONDecodeError Expecting value: line 1 column 1 (char 0)
    [parse retry 1/3] 6: JSONDecodeError Expecting value: line 1 column 1 (char 0)
    [parse retry 2/3] 6: JSONDecodeError Expecting value: line 1 column 1 (char 0)
    [parse retry 3/3] 6: JSONDecodeError Expecting value: line 1 column 1 (char 0)
[figures  FAIL] 10.1002_pssa.201532305           RuntimeError: 2 figure(s) parse_error
[geometry OK]   10.1002_pssa.201532305           class=vertical_structure quantities=0  (calls 31/600)
[pressure OK]   10.1002_pssa.201532305           observations=7  (calls 32/600)
[card     OK]   10.1002_pssa.201532305           card_fields=5  (calls 33/600)
[scout    OK]   10.1021_acs.chemmater.2c01154    is_ald=True drill=12  (calls 34/600)
    [panel retry 1] fig 10: 2/3 panels
    [panel retry 2] fig 10: 2/3 panels
    [WARN] fig 10: kept 2/3 panels after 3 attempts
[figures  OK]   10.1021_acs.chemmater.2c01154    vision_calls~7 records=56  (calls 43/600)
[geometry OK]   10.1021_acs.chemmater.2c01154    class=planar quantities=0  (calls 44/600)
[pressure OK]   10.1021_acs.chemmater.2c01154    observations=4  (calls 45/600)
[card     OK]   10.1021_acs.chemmater.2c01154    card_fields=4  (calls 46/600)
[scout    OK]   10.1039_c6dt03571j               is_ald=True drill=11  (calls 47/600)
[figures  OK]   10.1039_c6dt03571j               vision_calls~5 records=26  (calls 52/600)
[geometry OK]   10.1039_c6dt03571j               class=planar quantities=0  (calls 53/600)
[pressure OK]   10.1039_c6dt03571j               observations=0  (calls 54/600)
[card     OK]   10.1039_c6dt03571j               card_fields=7  (calls 55/600)
[scout    OK]   10.1039_c7ra07722j               is_ald=True drill=11  (calls 56/600)
[figures  OK]   10.1039_c7ra07722j               vision_calls~7 records=34  (calls 63/600)
[geometry OK]   10.1039_c7ra07722j               class=planar quantities=3  (calls 64/600)
[pressure OK]   10.1039_c7ra07722j               observations=1  (calls 65/600)
[card     OK]   10.1039_c7ra07722j               card_fields=5  (calls 66/600)
[scout    OK]   10.1039_d0cp03358h               is_ald=True drill=24  (calls 67/600)
[figures  OK]   10.1039_d0cp03358h               vision_calls~8 records=74  (calls 75/600)
[geometry OK]   10.1039_d0cp03358h               class=lateral_channel quantities=3  (calls 76/600)
[pressure OK]   10.1039_d0cp03358h               observations=0  (calls 77/600)
[card     OK]   10.1039_d0cp03358h               card_fields=6  (calls 78/600)
[scout    OK]   10.1039_d3ra05217f               is_ald=True drill=14  (calls 79/600)
[figures  OK]   10.1039_d3ra05217f               vision_calls~7 records=36  (calls 86/600)
[geometry OK]   10.1039_d3ra05217f               class=planar quantities=0  (calls 87/600)
[pressure OK]   10.1039_d3ra05217f               observations=1  (calls 88/600)
[card     OK]   10.1039_d3ra05217f               card_fields=5  (calls 89/600)
[scout    OK]   10.1016_j.tsf.2012.11.127        is_ald=True drill=8  (calls 90/600)
[figures  OK]   10.1016_j.tsf.2012.11.127        vision_calls~6 records=32  (calls 96/600)
[geometry OK]   10.1016_j.tsf.2012.11.127        class=planar quantities=0  (calls 97/600)
[pressure OK]   10.1016_j.tsf.2012.11.127        observations=0  (calls 98/600)
[card     OK]   10.1016_j.tsf.2012.11.127        card_fields=6  (calls 99/600)
[scout    OK]   10.1021_acs.chemmater.2c02292    is_ald=True drill=20  (calls 100/600)
    [panel retry 1] fig 3: 1/3 panels
    [panel retry 2] fig 3: 1/3 panels
    [WARN] fig 3: kept 1/3 panels after 3 attempts
[figures  OK]   10.1021_acs.chemmater.2c02292    vision_calls~6 records=44  (calls 108/600)
[geometry OK]   10.1021_acs.chemmater.2c02292    class=planar quantities=0  (calls 109/600)
[pressure OK]   10.1021_acs.chemmater.2c02292    observations=0  (calls 110/600)
[card     OK]   10.1021_acs.chemmater.2c02292    card_fields=5  (calls 111/600)
[scout    OK]   10.1039_d3dt01824e               is_ald=True drill=8  (calls 112/600)
[figures  FAIL] 10.1039_d3dt01824e               AttributeError: 'list' object has no attribute 'get'
[geometry OK]   10.1039_d3dt01824e               class=planar quantities=1  (calls 117/600)
[pressure OK]   10.1039_d3dt01824e               observations=0  (calls 118/600)
[card     OK]   10.1039_d3dt01824e               card_fields=5  (calls 119/600)
[scout    OK]   10.1063_1.5028178                is_ald=True drill=6  (calls 120/600)
[figures  OK]   10.1063_1.5028178                vision_calls~6 records=19  (calls 126/600)
[geometry OK]   10.1063_1.5028178                class=lateral_channel quantities=11  (calls 127/600)
[pressure OK]   10.1063_1.5028178                observations=5  (calls 128/600)
[card     OK]   10.1063_1.5028178                card_fields=4  (calls 129/600)
[scout    OK]   10.1116_1.4938104                is_ald=True drill=6  (calls 130/600)
    [panel retry 1] fig 10: 0/1 panels
    [panel retry 2] fig 10: 0/1 panels
    [WARN] fig 10: kept 0/1 panels after 3 attempts
    [panel retry 1] fig 14: 0/1 panels
    [panel retry 2] fig 14: 0/1 panels
    [panel retry 1] fig 19: 0/1 panels
    [panel retry 2] fig 19: 0/1 panels
    [WARN] fig 19: kept 0/1 panels after 3 attempts
[figures  OK]   10.1116_1.4938104                vision_calls~6 records=12  (calls 142/600)
[geometry OK]   10.1116_1.4938104                class=planar quantities=0  (calls 143/600)
[pressure OK]   10.1116_1.4938104                observations=0  (calls 144/600)
[card     OK]   10.1116_1.4938104                card_fields=4  (calls 145/600)
[scout    OK]   10.1116_6.0002154                is_ald=True drill=11  (calls 146/600)
    [panel retry 1] fig 27: 1/3 panels
    [panel retry 2] fig 27: 1/3 panels
    [WARN] fig 27: kept 1/3 panels after 3 attempts
[figures  OK]   10.1116_6.0002154                vision_calls~6 records=26  (calls 154/600)
[geometry OK]   10.1116_6.0002154                class=planar quantities=0  (calls 155/600)
[pressure OK]   10.1116_6.0002154                observations=1  (calls 156/600)
[card     OK]   10.1116_6.0002154                card_fields=7  (calls 157/600)
[scout    OK]   10.1116_6.0002436                is_ald=True drill=8  (calls 158/600)
[figures  OK]   10.1116_6.0002436                vision_calls~6 records=35  (calls 164/600)
[geometry OK]   10.1116_6.0002436                class=planar quantities=0  (calls 165/600)
[pressure OK]   10.1116_6.0002436                observations=1  (calls 166/600)
[card     OK]   10.1116_6.0002436                card_fields=6  (calls 167/600)
[scout    OK]   10.1116_6.0002804                is_ald=True drill=12  (calls 168/600)
[figures  OK]   10.1116_6.0002804                vision_calls~6 records=34  (calls 174/600)
[geometry OK]   10.1116_6.0002804                class=planar quantities=0  (calls 175/600)
[pressure OK]   10.1116_6.0002804                observations=0  (calls 176/600)
[card     OK]   10.1116_6.0002804                card_fields=5  (calls 177/600)
[scout    OK]   10.1016_j.sse.2022.108584        is_ald=True drill=6  (calls 178/600)
[figures  OK]   10.1016_j.sse.2022.108584        vision_calls~5 records=26  (calls 183/600)
[geometry OK]   10.1016_j.sse.2022.108584        class=lateral_channel quantities=13  (calls 184/600)
[pressure OK]   10.1016_j.sse.2022.108584        observations=0  (calls 185/600)
[card     OK]   10.1016_j.sse.2022.108584        card_fields=4  (calls 186/600)
[scout    OK]   10.1039_c5tc03561a               is_ald=True drill=8  (calls 187/600)
    [panel retry 1] fig 9: 1/2 panels
    [panel retry 2] fig 9: 1/2 panels
    [WARN] fig 9: kept 1/2 panels after 3 attempts
[figures  OK]   10.1039_c5tc03561a               vision_calls~5 records=14  (calls 194/600)
[geometry OK]   10.1039_c5tc03561a               class=planar quantities=1  (calls 195/600)
[pressure OK]   10.1039_c5tc03561a               observations=0  (calls 196/600)
[card     OK]   10.1039_c5tc03561a               card_fields=5  (calls 197/600)
[scout    OK]   10.1002_admi.202000318           is_ald=True drill=8  (calls 198/600)
[figures  OK]   10.1002_admi.202000318           vision_calls~4 records=17  (calls 202/600)
[geometry OK]   10.1002_admi.202000318           class=planar quantities=0  (calls 203/600)
[pressure OK]   10.1002_admi.202000318           observations=3  (calls 204/600)
[card     OK]   10.1002_admi.202000318           card_fields=7  (calls 205/600)
[scout    OK]   10.1002_celc.201600139           is_ald=True drill=8  (calls 206/600)
    [parse retry 1/3] 4: JSONDecodeError Invalid \escape: line 57 column 28 (char 1249)
[figures  OK]   10.1002_celc.201600139           vision_calls~4 records=17  (calls 211/600)
[geometry OK]   10.1002_celc.201600139           class=planar quantities=0  (calls 212/600)
[pressure OK]   10.1002_celc.201600139           observations=0  (calls 213/600)
[card     OK]   10.1002_celc.201600139           card_fields=4  (calls 214/600)
[scout    OK]   10.3762_bjnano.5.25              is_ald=True drill=9  (calls 215/600)
[figures  OK]   10.3762_bjnano.5.25              vision_calls~4 records=39  (calls 219/600)
[geometry OK]   10.3762_bjnano.5.25              class=porous_material quantities=5  (calls 220/600)
[pressure OK]   10.3762_bjnano.5.25              observations=0  (calls 221/600)
[card     OK]   10.3762_bjnano.5.25              card_fields=2  (calls 222/600)
[scout    OK]   10.1021_acs.jpcc.9b08176         is_ald=True drill=4  (calls 223/600)
[figures  OK]   10.1021_acs.jpcc.9b08176         vision_calls~3 records=15  (calls 226/600)
[geometry OK]   10.1021_acs.jpcc.9b08176         class=vertical_structure quantities=5  (calls 227/600)
[pressure OK]   10.1021_acs.jpcc.9b08176         observations=1  (calls 228/600)
[card     OK]   10.1021_acs.jpcc.9b08176         card_fields=6  (calls 229/600)
[scout    OK]   10.1063_1.4867469                is_ald=True drill=3  (calls 230/600)
[figures  OK]   10.1063_1.4867469                vision_calls~3 records=6  (calls 233/600)
[geometry OK]   10.1063_1.4867469                class=planar quantities=0  (calls 234/600)
[pressure OK]   10.1063_1.4867469                observations=0  (calls 235/600)
[card     OK]   10.1063_1.4867469                card_fields=5  (calls 236/600)
[scout    OK]   10.1116_1.4892385                is_ald=True drill=3  (calls 237/600)
    [panel retry 1] fig 8: 1/2 panels
    [panel retry 2] fig 8: 1/2 panels
    [WARN] fig 8: kept 1/2 panels after 3 attempts
[figures  OK]   10.1116_1.4892385                vision_calls~2 records=6  (calls 241/600)
[geometry OK]   10.1116_1.4892385                class=porous_material quantities=5  (calls 242/600)
[pressure OK]   10.1116_1.4892385                observations=2  (calls 243/600)
[card     OK]   10.1116_1.4892385                card_fields=9  (calls 244/600)
[scout    OK]   10.1002_cnma.201700148           is_ald=True drill=0  (calls 245/600)
[05 skip] 10.1002_cnma.201700148: drill=0 — nothing to read (go_deeper=False)
[figures  OK]   10.1002_cnma.201700148           vision_calls~0 records=0  (calls 245/600)
[geometry OK]   10.1002_cnma.201700148           class=planar quantities=0  (calls 246/600)
[pressure OK]   10.1002_cnma.201700148           observations=0  (calls 247/600)
[card     OK]   10.1002_cnma.201700148           card_fields=4  (calls 248/600)
[scout    OK]   10.1007_s11671-010-9676-0        is_ald=True drill=1  (calls 249/600)
    [panel retry 1] fig 8: 0/1 panels
    [panel retry 2] fig 8: 0/1 panels
    [WARN] fig 8: kept 0/1 panels after 3 attempts
[figures  OK]   10.1007_s11671-010-9676-0        vision_calls~1 records=0  (calls 252/600)
[geometry OK]   10.1007_s11671-010-9676-0        class=porous_material quantities=0  (calls 253/600)
[pressure OK]   10.1007_s11671-010-9676-0        observations=0  (calls 254/600)
[card     OK]   10.1007_s11671-010-9676-0        card_fields=4  (calls 255/600)
[scout    OK]   10.1007_s12274-010-0066-9        is_ald=True drill=1  (calls 256/600)
[figures  OK]   10.1007_s12274-010-0066-9        vision_calls~1 records=1  (calls 257/600)
[geometry OK]   10.1007_s12274-010-0066-9        class=porous_material quantities=3  (calls 258/600)
[pressure OK]   10.1007_s12274-010-0066-9        observations=0  (calls 259/600)
[card     OK]   10.1007_s12274-010-0066-9        card_fields=2  (calls 259/600)
[scout    OK]   10.1016_j.jcrysgro.2017.04.019   is_ald=True drill=1  (calls 260/600)
[figures  OK]   10.1016_j.jcrysgro.2017.04.019   vision_calls~1 records=3  (calls 261/600)
[geometry OK]   10.1016_j.jcrysgro.2017.04.019   class=planar quantities=0  (calls 262/600)
[pressure OK]   10.1016_j.jcrysgro.2017.04.019   observations=1  (calls 263/600)
[card     OK]   10.1016_j.jcrysgro.2017.04.019   card_fields=6  (calls 264/600)
[scout    OK]   10.1016_j.mee.2018.01.027        is_ald=False drill=2  (calls 265/600)
[figures  OK]   10.1016_j.mee.2018.01.027        vision_calls~1 records=2  (calls 266/600)
[geometry OK]   10.1016_j.mee.2018.01.027        class=planar quantities=1  (calls 267/600)
[pressure OK]   10.1016_j.mee.2018.01.027        observations=2  (calls 268/600)
[card     OK]   10.1016_j.mee.2018.01.027        card_fields=6  (calls 269/600)
[scout    OK]   10.1186_s11671-015-0872-9        is_ald=True drill=1  (calls 270/600)
[figures  OK]   10.1186_s11671-015-0872-9        vision_calls~1 records=1  (calls 271/600)
[geometry OK]   10.1186_s11671-015-0872-9        class=porous_material quantities=4  (calls 272/600)
[pressure OK]   10.1186_s11671-015-0872-9        observations=2  (calls 273/600)
[card     OK]   10.1186_s11671-015-0872-9        card_fields=9  (calls 274/600)
[scout    OK]   10.1016_j.matt.2019.12.026       is_ald=True drill=0  (calls 275/600)
[05 skip] 10.1016_j.matt.2019.12.026: drill=0 — nothing to read (go_deeper=False)
[figures  FAIL] 10.1016_j.matt.2019.12.026       RuntimeError: 0 figure(s) parse_error
[geometry OK]   10.1016_j.matt.2019.12.026       class=planar quantities=0  (calls 276/600)
[pressure OK]   10.1016_j.matt.2019.12.026       observations=0  (calls 277/600)
[card     OK]   10.1016_j.matt.2019.12.026       card_fields=2  (calls 278/600)
[scout    OK]   10.1016_j.mee.2018.01.033        is_ald=True drill=0  (calls 279/600)
[05 skip] 10.1016_j.mee.2018.01.033: drill=0 — nothing to read (go_deeper=False)
[figures  FAIL] 10.1016_j.mee.2018.01.033        RuntimeError: 0 figure(s) parse_error
[geometry OK]   10.1016_j.mee.2018.01.033        class=planar quantities=6  (calls 280/600)
[pressure OK]   10.1016_j.mee.2018.01.033        observations=0  (calls 281/600)
[card     OK]   10.1016_j.mee.2018.01.033        card_fields=2  (calls 282/600)

[extract] DONE. papers fully succeeded=27/31  total calls=282/600

[run_reextract] phase --extract complete
