[fetch] 967 DOIs from merged_refs.csv
  25/967  already_have=1 http_error=2 not_oa=20 oa_no_pdf_url=2
  50/967  already_have=1 http_error=3 not_oa=38 oa_no_pdf_url=8
  75/967  already_have=1 http_error=15 not_oa=45 oa_no_pdf_url=14
  100/967  already_have=1 downloaded=1 http_error=20 not_oa=59 oa_no_pdf_url=19
  125/967  already_have=1 downloaded=2 http_error=30 not_oa=69 oa_no_pdf_url=23
  150/967  already_have=1 downloaded=6 http_error=35 not_oa=83 oa_no_pdf_url=25
  175/967  already_have=1 downloaded=9 http_error=36 not_oa=98 oa_no_pdf_url=31
  200/967  already_have=1 downloaded=9 http_error=38 not_oa=120 oa_no_pdf_url=32
  225/967  already_have=1 downloaded=9 http_error=39 not_oa=143 oa_no_pdf_url=33
  250/967  already_have=1 downloaded=9 http_error=39 not_oa=168 oa_no_pdf_url=33
  275/967  already_have=1 downloaded=10 http_error=41 not_oa=188 oa_no_pdf_url=35
  300/967  already_have=1 downloaded=11 http_error=45 not_oa=202 oa_no_pdf_url=41
  325/967  already_have=1 downloaded=13 http_error=45 not_found=1 not_oa=219 oa_no_pdf_url=46
  350/967  already_have=1 downloaded=13 http_error=48 not_found=1 not_oa=241 oa_no_pdf_url=46
  375/967  already_have=1 downloaded=15 http_error=59 not_found=1 not_oa=252 oa_no_pdf_url=47
  400/967  already_have=1 downloaded=27 http_error=59 not_found=1 not_oa=261 oa_no_pdf_url=51
  425/967  already_have=1 downloaded=28 http_error=65 not_found=1 not_oa=279 oa_no_pdf_url=51
  450/967  already_have=1 downloaded=28 http_error=71 not_found=1 not_oa=296 oa_no_pdf_url=53
  475/967  already_have=1 downloaded=28 http_error=73 not_found=1 not_oa=317 oa_no_pdf_url=55
  500/967  already_have=1 downloaded=28 http_error=74 not_found=1 not_oa=338 oa_no_pdf_url=58
  525/967  already_have=1 downloaded=29 http_error=79 not_found=1 not_oa=357 oa_no_pdf_url=58
  550/967  already_have=1 downloaded=30 http_error=82 not_found=1 not_oa=374 oa_no_pdf_url=62
  575/967  already_have=1 downloaded=35 http_error=82 not_found=1 not_oa=392 oa_no_pdf_url=64
  600/967  already_have=1 downloaded=40 http_error=82 not_found=1 not_oa=411 oa_no_pdf_url=65
  625/967  already_have=1 downloaded=41 http_error=83 not_found=1 not_oa=433 oa_no_pdf_url=66
  650/967  already_have=1 downloaded=41 http_error=83 not_found=1 not_oa=454 oa_no_pdf_url=70
  675/967  already_have=1 downloaded=44 http_error=84 not_found=1 not_oa=475 oa_no_pdf_url=70
  700/967  already_have=1 downloaded=46 http_error=85 not_found=1 not_oa=492 oa_no_pdf_url=75
  725/967  already_have=1 downloaded=46 http_error=93 not_found=1 not_oa=504 oa_no_pdf_url=80
  750/967  already_have=1 downloaded=46 http_error=101 not_found=1 not_oa=514 oa_no_pdf_url=87
  775/967  already_have=1 downloaded=49 http_error=105 not_found=1 not_oa=531 oa_no_pdf_url=88
  800/967  already_have=1 downloaded=52 http_error=105 not_found=1 not_oa=552 oa_no_pdf_url=89
  825/967  already_have=1 downloaded=56 http_error=111 not_found=1 not_oa=565 oa_no_pdf_url=91
  850/967  already_have=1 downloaded=61 http_error=113 not_found=1 not_oa=578 oa_no_pdf_url=96
  875/967  already_have=1 downloaded=63 http_error=114 not_found=1 not_oa=596 oa_no_pdf_url=100
  900/967  already_have=1 downloaded=75 http_error=116 not_found=1 not_oa=606 oa_no_pdf_url=101
  925/967  already_have=1 downloaded=76 http_error=118 not_found=1 not_oa=626 oa_no_pdf_url=103
  950/967  already_have=1 downloaded=77 http_error=118 not_found=1 not_oa=649 oa_no_pdf_url=104
  967/967  already_have=1 downloaded=77 http_error=118 not_found=1 not_oa=665 oa_no_pdf_url=105

[fetch] 78/967 have PDFs (8%). status: already_have=1, downloaded=77, http_error=118, not_found=1, not_oa=665, oa_no_pdf_url=105
  → refsets/download_log.csv (all), refsets/manual_todo.csv (889 to fetch manually)
